--------- beginning of main
09-22 20:53:07.758 32645   313 I OD_LAB  : OD_CLAP 1790099587758
09-22 20:53:07.759 32645   313 I OD_LAB  : OD_SFX 1790099587759 run_start
09-22 20:53:07.827 32645   313 I OD_LAB  : OD_SFX 1790099587827 orbit3
09-22 20:53:07.829 32645   313 I OD_LAB  : OD_LABSETUP theme=0 boostEvery=9.0
09-22 20:53:10.585 32645   313 I OD_LAB  : OD_SFX 1790099590584 combo_1
09-22 20:53:10.798 32645   313 I OD_LAB  : OD_SFX 1790099590798 tap_out
09-22 20:53:12.738 32645   313 I OD_LAB  : OD_SFX 1790099592738 combo_2
09-22 20:53:12.831 32645   313 I OD_LAB  : OD_SFX 1790099592831 tap_out
09-22 20:53:13.084 32645   313 I OD_LAB  : OD_SFX 1790099593084 tap_in
09-22 20:53:13.400 32645   313 I OD_LAB  : OD_SFX 1790099593400 boost
09-22 20:53:15.435 32645   313 I OD_LAB  : OD_SFX 1790099595435 gem_0
09-22 20:53:16.583 32645   313 I OD_LAB  : OD_SFX 1790099596583 gem_1
09-22 20:53:17.599 32645   313 I OD_LAB  : OD_SFX 1790099597599 gem_2
09-22 20:53:18.399 32645   313 I OD_LAB  : OD_SFX 1790099598399 gem_3
09-22 20:53:19.449 32645   313 I OD_LAB  : OD_SFX 1790099599449 gem_4
09-22 20:53:22.221 32645   313 I OD_LAB  : OD_SFX 1790099602221 combo_3
09-22 20:53:22.296 32645   313 I OD_LAB  : OD_SFX 1790099602296 tap_in
09-22 20:53:22.550 32645   313 I OD_LAB  : OD_SFX 1790099602550 tap_out
09-22 20:53:22.615 32645   313 I OD_LAB  : OD_SFX 1790099602615 boost
09-22 20:53:23.766 32645   313 I OD_LAB  : OD_SFX 1790099603766 tap_out
09-22 20:53:23.916 32645   313 I OD_LAB  : OD_SFX 1790099603916 combo_4
09-22 20:53:24.017 32645   313 I OD_LAB  : OD_SFX 1790099604017 tap_in
09-22 20:53:24.617 32645   313 I OD_LAB  : OD_SFX 1790099604617 gem_0
09-22 20:53:28.132 32645   313 I OD_LAB  : OD_SFX 1790099608132 gem_0
09-22 20:53:30.217 32645   313 I OD_LAB  : OD_SFX 1790099610217 gem_0
09-22 20:53:31.116 32645   313 I OD_LAB  : OD_SFX 1790099611116 boost
09-22 20:53:31.483 32645   313 I OD_LAB  : OD_SFX 1790099611483 gem_1
09-22 20:53:36.251 32645   313 I OD_LAB  : OD_SFX 1790099616251 gem_0
09-22 20:53:38.067 32645   313 I OD_LAB  : OD_SFX 1790099618067 combo_1
09-22 20:53:38.147 32645   313 I OD_LAB  : OD_SFX 1790099618147 tap_in
09-22 20:53:38.752 32645   313 I OD_LAB  : OD_SFX 1790099618752 gem_0
09-22 20:53:40.183 32645   313 I OD_LAB  : OD_SFX 1790099620183 boost
09-22 20:53:40.419 32645   313 I OD_LAB  : OD_SFX 1790099620419 combo_2
09-22 20:53:40.564 32645   313 I OD_LAB  : OD_SFX 1790099620564 tap_out
09-22 20:53:41.222 32645   313 I OD_LAB  : OD_SFX 1790099621222 gem_0
09-22 20:53:42.101 32645   313 I OD_LAB  : OD_SFX 1790099622101 gem_1
09-22 20:53:44.834 32645   313 I OD_LAB  : OD_SFX 1790099624834 gem_0
09-22 20:53:45.569 32645   313 I OD_LAB  : OD_SFX 1790099625569 gem_1
09-22 20:53:47.734 32645   313 I OD_LAB  : OD_SFX 1790099627734 gem_0
09-22 20:53:49.235 32645   313 I OD_LAB  : OD_SFX 1790099629235 boost
09-22 20:53:52.070 32645   313 I OD_LAB  : OD_SFX 1790099632069 combo_1
09-22 20:53:52.133 32645   313 I OD_LAB  : OD_SFX 1790099632133 tap_out
09-22 20:53:52.983 32645   313 I OD_LAB  : OD_SFX 1790099632983 gem_0
09-22 20:53:54.715 32645   313 I OD_LAB  : OD_SFX 1790099634715 gem_1
09-22 20:53:55.781 32645   313 I OD_LAB  : OD_SFX 1790099635781 gem_2
09-22 20:53:56.181 32645   313 I OD_LAB  : OD_SFX 1790099636181 boost
09-22 20:53:56.494 32645   313 I OD_LAB  : OD_SFX 1790099636494 gem_3
09-22 20:53:57.017 32645   313 I OD_LAB  : OD_SFX 1790099637017 gem_4
09-22 20:53:58.083 32645   313 I OD_LAB  : OD_SFX 1790099638083 gem_5
09-22 20:53:58.246 32645   313 I OD_LAB  : OD_SFX 1790099638246 boost
09-22 20:54:04.119 32645   313 I OD_LAB  : OD_SFX 1790099644119 gem_0
09-22 20:54:05.168 32645   313 I OD_LAB  : OD_SFX 1790099645168 combo_1
09-22 20:54:05.212 32645   313 I OD_LAB  : OD_SFX 1790099645212 tap_in
09-22 20:54:07.135 32645   313 I OD_LAB  : OD_SFX 1790099647135 boost
09-22 20:54:07.180 32645   313 I OD_LAB  : OD_SFX 1790099647180 gem_0
09-22 20:54:07.703 32645   313 I OD_LAB  : OD_SFX 1790099647702 gem_1
09-22 20:54:08.236 32645   313 I OD_LAB  : OD_SFX 1790099648236 gem_2
09-22 20:54:09.234 32645   313 I OD_LAB  : OD_SFX 1790099649234 gem_3
09-22 20:54:10.284 32645   313 I OD_LAB  : OD_SFX 1790099650284 gem_4
09-22 20:54:10.752 32645   313 I OD_LAB  : OD_SFX 1790099650751 combo_2
09-22 20:54:10.813 32645   313 I OD_LAB  : OD_SFX 1790099650813 tap_in
09-22 20:54:11.171 32645   313 I OD_LAB  : OD_SFX 1790099651171 gem_5
09-22 20:54:11.670 32645   313 I OD_LAB  : OD_SFX 1790099651670 combo_3
09-22 20:54:11.796 32645   313 I OD_LAB  : OD_SFX 1790099651796 tap_out
09-22 20:54:12.919 32645   313 I OD_LAB  : OD_SFX 1790099652919 gem_6
09-22 20:54:12.998 32645   313 I OD_LAB  : OD_SFX 1790099652998 boost
09-22 20:54:13.869 32645   313 I OD_LAB  : OD_SFX 1790099653869 combo_4
09-22 20:54:13.950 32645   313 I OD_LAB  : OD_SFX 1790099653950 tap_out
09-22 20:54:14.900 32645   313 I OD_LAB  : OD_SFX 1790099654900 gem_7
09-22 20:54:16.202 32645   313 I OD_LAB  : OD_SFX 1790099656202 boost
09-22 20:54:16.422 32645   313 I OD_LAB  : OD_SFX 1790099656422 combo_5
09-22 20:54:16.433 32645   313 I OD_LAB  : OD_SFX 1790099656433 tap_in
09-22 20:54:18.708 32645   313 I OD_LAB  : OD_SFX 1790099658708 gem_0
09-22 20:54:18.981 32645   313 I OD_LAB  : OD_SFX 1790099658981 gem_1
09-22 20:54:19.264 32645   313 I OD_LAB  : OD_SFX 1790099659264 gem_2
09-22 20:54:19.714 32645   313 I OD_LAB  : OD_SFX 1790099659713 gem_3
09-22 20:54:19.932 32645   313 I OD_LAB  : OD_SFX 1790099659932 combo_6
09-22 20:54:20.015 32645   313 I OD_LAB  : OD_SFX 1790099660015 tap_in
09-22 20:54:20.401 32645   313 I OD_LAB  : OD_SFX 1790099660400 gem_4
09-22 20:54:22.337 32645   313 I OD_LAB  : OD_SFX 1790099662337 gem_5
09-22 20:54:23.334 32645   313 I OD_LAB  : OD_SFX 1790099663333 combo_7
09-22 20:54:23.449 32645   313 I OD_LAB  : OD_SFX 1790099663449 tap_out
09-22 20:54:23.783 32645   313 I OD_LAB  : OD_SFX 1790099663783 gem_6
09-22 20:54:24.540 32645   313 I OD_LAB  : OD_SFX 1790099664540 gem_7
09-22 20:54:24.851 32645   313 I OD_LAB  : OD_SFX 1790099664851 gem_8
09-22 20:54:25.198 32645   313 I OD_LAB  : OD_SFX 1790099665198 boost
09-22 20:54:25.995 32645   313 I OD_LAB  : OD_SFX 1790099665995 gem_9
09-22 20:54:31.716 32645   313 I OD_LAB  : OD_SFX 1790099671716 combo_1
09-22 20:54:31.779 32645   313 I OD_LAB  : OD_SFX 1790099671779 tap_out
09-22 20:54:32.317 32645   313 I OD_LAB  : OD_SFX 1790099672317 combo_2
09-22 20:54:32.320 32645   313 I OD_LAB  : OD_SFX 1790099672320 tap_in
09-22 20:54:34.234 32645   313 I OD_LAB  : OD_SFX 1790099674234 boost
09-22 20:54:34.506 32645   313 I OD_LAB  : OD_SFX 1790099674506 gem_0
09-22 20:54:35.020 32645   313 I OD_LAB  : OD_SFX 1790099675020 combo_3
09-22 20:54:35.079 32645   313 I OD_LAB  : OD_SFX 1790099675079 tap_in
09-22 20:54:36.668 32645   313 I OD_LAB  : OD_SFX 1790099676668 gem_0
09-22 20:54:36.969 32645   313 I OD_LAB  : OD_SFX 1790099676969 gem_1
09-22 20:54:37.636 32645   313 I OD_LAB  : OD_SFX 1790099677636 gem_2
09-22 20:54:38.101 32645   313 I OD_LAB  : OD_SFX 1790099678101 gem_3
09-22 20:54:38.534 32645   313 I OD_LAB  : OD_SFX 1790099678534 combo_4
09-22 20:54:38.646 32645   313 I OD_LAB  : OD_SFX 1790099678646 tap_out
09-22 20:54:39.037 32645   313 I OD_LAB  : OD_SFX 1790099679036 combo_5
09-22 20:54:39.096 32645   313 I OD_LAB  : OD_SFX 1790099679096 tap_out
09-22 20:54:39.685 32645   313 I OD_LAB  : OD_SFX 1790099679685 gem_4
09-22 20:54:41.182 32645   313 I OD_LAB  : OD_SFX 1790099681182 gem_5
09-22 20:54:43.153 32645   313 I OD_LAB  : OD_SFX 1790099683152 boost
09-22 20:54:43.217 32645   313 I OD_LAB  : OD_SFX 1790099683216 combo_6
09-22 20:54:43.218 32645   313 I OD_LAB  : OD_SFX 1790099683218 tap_in
09-22 20:54:43.732 32645   313 I OD_LAB  : OD_SFX 1790099683732 gem_0
09-22 20:54:44.115 32645   313 I OD_LAB  : OD_SFX 1790099684115 gem_1
09-22 20:54:44.416 32645   313 I OD_LAB  : OD_SFX 1790099684416 boost
09-22 20:54:46.163 32645   313 I OD_LAB  : OD_SFX 1790099686163 gem_0
09-22 20:54:46.513 32645   313 I OD_LAB  : OD_SFX 1790099686513 gem_1
09-22 20:54:47.230 32645   313 I OD_LAB  : OD_SFX 1790099687230 gem_2
