--------- beginning of main
         1789819636.906 19369 19369 I OD_LAB  : REC1_START
         1789819637.101 18025 18403 I OD_LAB  : SPARK combo=5
         1789819637.102 18025 18403 I OD_LAB  : TAP after spark -> ring 1
         1789819638.410 18025 18403 I OD_LAB  : SPARK combo=5
         1789819638.410 18025 18403 I OD_LAB  : TAP after spark -> ring 0
         1789819639.607 18025 18403 I OD_LAB  : SPARK combo=5
         1789819639.608 18025 18403 I OD_LAB  : TAP after spark -> ring 1
         1789819645.108 18025 18403 I OD_LAB  : SPARK combo=5
         1789819645.108 18025 18403 I OD_LAB  : TAP after spark -> ring 0
         1789819646.141 18025 18403 I OD_LAB  : SPARK combo=5
         1789819646.141 18025 18403 I OD_LAB  : TAP after spark -> ring 1
         1789819648.259 18025 18403 I OD_LAB  : SPARK combo=5
         1789819648.260 18025 18403 I OD_LAB  : TAP after spark -> ring 0
         1789819649.841 18025 18403 I OD_LAB  : SPARK combo=5
         1789819649.842 18025 18403 I OD_LAB  : TAP after spark -> ring 1
         1789819652.359 18025 18403 I OD_LAB  : SPARK combo=5
         1789819652.359 18025 18403 I OD_LAB  : TAP after spark -> ring 0
         1789819652.858 18025 18403 I OD_LAB  : SPARK combo=5
         1789819652.859 18025 18403 I OD_LAB  : TAP after spark -> ring 1
         1789819655.891 18025 18403 I OD_LAB  : SPARK combo=5
         1789819655.892 18025 18403 I OD_LAB  : TAP after spark -> ring 0
         1789819657.491 18025 18403 I OD_LAB  : SPARK combo=5
         1789819657.492 18025 18403 I OD_LAB  : TAP after spark -> ring 1
         1789819658.059 18025 18403 I OD_LAB  : SPARK combo=5
         1789819658.060 18025 18403 I OD_LAB  : TAP after spark -> ring 0
         1789819660.075 18025 18403 I OD_LAB  : SPARK combo=5
         1789819660.076 18025 18403 I OD_LAB  : TAP after spark -> ring 1
         1789819660.728 18025 18403 I OD_LAB  : SPARK combo=5
         1789819660.728 18025 18403 I OD_LAB  : TAP after spark -> ring 0
         1789819661.225 18025 18403 I OD_LAB  : SPARK combo=5
         1789819661.225 18025 18403 I OD_LAB  : TAP after spark -> ring 1
         1789819663.226 18025 18403 I OD_LAB  : SPARK combo=5
         1789819663.226 18025 18403 I OD_LAB  : TAP after spark -> ring 0
         1789819664.408 18025 18403 I OD_LAB  : SPARK combo=5
         1789819664.409 18025 18403 I OD_LAB  : TAP after spark -> ring 1
         1789819666.544 18025 18403 I OD_LAB  : SPARK combo=5
         1789819666.545 18025 18403 I OD_LAB  : TAP after spark -> ring 0
         1789819667.975 18025 18403 I OD_LAB  : SPARK combo=5
         1789819667.976 18025 18403 I OD_LAB  : TAP after spark -> ring 1
         1789819669.609 18025 18403 I OD_LAB  : SPARK combo=5
         1789819669.610 18025 18403 I OD_LAB  : TAP after spark -> ring 0
         1789819670.060 18025 18403 I OD_LAB  : SPARK combo=5
         1789819670.060 18025 18403 I OD_LAB  : TAP after spark -> ring 1
         1789819670.643 18025 18403 I OD_LAB  : SPARK combo=5
         1789819670.644 18025 18403 I OD_LAB  : TAP after spark -> ring 0
         1789819671.209 18025 18403 I OD_LAB  : SPARK combo=5
         1789819671.209 18025 18403 I OD_LAB  : TAP after spark -> ring 1
         1789819675.393 18025 18403 I OD_LAB  : SPARK combo=5
         1789819675.393 18025 18403 I OD_LAB  : TAP after spark -> ring 0
         1789819677.341 18025 18403 I OD_LAB  : SPARK combo=5
         1789819677.342 18025 18403 I OD_LAB  : TAP after spark -> ring 1
         1789819677.976 18025 18403 I OD_LAB  : SPARK combo=5
         1789819677.976 18025 18403 I OD_LAB  : TAP after spark -> ring 0
         1789819678.392 18025 18403 I OD_LAB  : SPARK combo=5
         1789819678.392 18025 18403 I OD_LAB  : TAP after spark -> ring 1
         1789819679.476 18025 18403 I OD_LAB  : SPARK combo=5
         1789819679.476 18025 18403 I OD_LAB  : TAP after spark -> ring 0
         1789819681.009 18025 18403 I OD_LAB  : SPARK combo=5
         1789819681.009 18025 18403 I OD_LAB  : TAP after spark -> ring 1
         1789819684.809 18025 18403 I OD_LAB  : SPARK combo=5
         1789819684.809 18025 18403 I OD_LAB  : TAP after spark -> ring 0
         1789819689.059 18025 18403 I OD_LAB  : SPARK combo=5
         1789819689.060 18025 18403 I OD_LAB  : TAP after spark -> ring 1
         1789819692.309 18025 18403 I OD_LAB  : SPARK combo=5
         1789819692.309 18025 18403 I OD_LAB  : TAP after spark -> ring 0
         1789819696.041 18025 18403 I OD_LAB  : SPARK combo=5
         1789819696.042 18025 18403 I OD_LAB  : TAP after spark -> ring 1
         1789819697.443 18025 18403 I OD_LAB  : SPARK combo=5
         1789819697.444 18025 18403 I OD_LAB  : TAP after spark -> ring 0
         1789819698.008 18025 18403 I OD_LAB  : SPARK combo=5
         1789819698.009 18025 18403 I OD_LAB  : TAP after spark -> ring 1
         1789819700.059 18025 18403 I OD_LAB  : SPARK combo=5
         1789819700.060 18025 18403 I OD_LAB  : TAP after spark -> ring 0
         1789819701.026 18025 18403 I OD_LAB  : SPARK combo=5
         1789819701.026 18025 18403 I OD_LAB  : TAP after spark -> ring 1
         1789819705.476 18025 18403 I OD_LAB  : SPARK combo=5
         1789819705.476 18025 18403 I OD_LAB  : TAP after spark -> ring 0
         1789819706.225 18025 18403 I OD_LAB  : SPARK combo=5
         1789819706.226 18025 18403 I OD_LAB  : TAP after spark -> ring 1
         1789819711.543 18025 18403 I OD_LAB  : SPARK combo=5
         1789819711.544 18025 18403 I OD_LAB  : TAP after spark -> ring 0
         1789819713.092 18025 18403 I OD_LAB  : SPARK combo=5
         1789819713.093 18025 18403 I OD_LAB  : TAP after spark -> ring 1
         1789819713.559 18025 18403 I OD_LAB  : SPARK combo=5
         1789819713.559 18025 18403 I OD_LAB  : TAP after spark -> ring 0
         1789819717.208 18025 18403 I OD_LAB  : SPARK combo=5
         1789819717.209 18025 18403 I OD_LAB  : TAP after spark -> ring 1
         1789819717.726 18025 18403 I OD_LAB  : SPARK combo=5
         1789819717.727 18025 18403 I OD_LAB  : TAP after spark -> ring 0
         1789819719.292 18025 18403 I OD_LAB  : SPARK combo=5
         1789819719.293 18025 18403 I OD_LAB  : TAP after spark -> ring 1
         1789819720.843 18025 18403 I OD_LAB  : SPARK combo=5
         1789819720.844 18025 18403 I OD_LAB  : TAP after spark -> ring 0
         1789819721.342 18025 18403 I OD_LAB  : SPARK combo=5
         1789819721.343 18025 18403 I OD_LAB  : TAP after spark -> ring 1
         1789819724.992 18025 18403 I OD_LAB  : SPARK combo=5
         1789819724.993 18025 18403 I OD_LAB  : TAP after spark -> ring 0
         1789819726.025 18025 18403 I OD_LAB  : SPARK combo=5
         1789819726.026 18025 18403 I OD_LAB  : TAP after spark -> ring 1
         1789819726.593 18025 18403 I OD_LAB  : SPARK combo=5
         1789819726.593 18025 18403 I OD_LAB  : TAP after spark -> ring 0
         1789819727.667 18025 18403 I OD_LAB  : SPARK combo=5
         1789819727.668 18025 18403 I OD_LAB  : TAP after spark -> ring 1
         1789819727.771 19424 19424 I OD_LAB  : REC1_END
